sparse-build
0
[nil]
[nil]
[nil]
[nil]
[nil]
[nil]
[nil]
c
[nil]
[nil]
a
[nil]
c
[nil]
[nil]
3
a
b
c
[nil]
[nil]
constructor-hole
a
[nil]
c
[nil]
[nil]
constructor-dense
3
a
b
c
[nil]
[nil]
nil-middle
a
[nil]
c
[nil]
[nil]
nil-last
2
a
b
[nil]
[nil]
[nil]
nil-last-then-length
3
a
b
z
[nil]
[nil]
append
1
a
[nil]
[nil]
[nil]
[nil]
2
a
b
[nil]
[nil]
[nil]
del-middle
2
a
c
[nil]
[nil]
[nil]
del-first
2
b
c
[nil]
[nil]
[nil]
del-last
2
a
b
[nil]
[nil]
[nil]
del-absent
2
a
b
[nil]
[nil]
[nil]
del-only
0
[nil]
[nil]
[nil]
[nil]
[nil]
del-empty
0
[nil]
[nil]
[nil]
[nil]
[nil]
foreach-dense
a
b
c
3
odd-indices
[nil]
[nil]
[nil]
nested
1
[nil]
deep
closure-identity
true
true
closure-capture
1
2
3
closure-shared-upvalue
0
1
2
block-scope
2
1
[nil]
[nil]
break
1
2
2
assign-order
lhs
rhs
9
bool-equality
false
true
true
true
